src/components/AIReport.tsx(9,3): error TS6133: 'Wrench' is declared but its value is never read.
src/components/BenchmarkComparisonCard.tsx(5,1): error TS6133: 'React' is declared but its value is never read.
src/components/BenchmarkComparisonCard.tsx(33,3): error TS6133: 'periodLabel' is declared but its value is never read.
src/components/BenchmarkComparisonCard.tsx(78,11): error TS6133: 'Icon' is declared but its value is never read.
src/components/CategoryDistributionCard.tsx(198,9): error TS6133: 'renderProgressList' is declared but its value is never read.
src/components/Dashboard.tsx(56,1): error TS6133: 'ptBR' is declared but its value is never read.
src/components/Dashboard.tsx(136,10): error TS6133: 'fechadasMesAtual' is declared but its value is never read.
src/components/Dashboard.tsx(137,10): error TS6133: 'fechadasMesAnterior' is declared but its value is never read.
src/components/DeepReport.tsx(13,3): error TS6133: 'Wrench' is declared but its value is never read.
src/components/DeepReport.tsx(15,3): error TS6133: 'Lightbulb' is declared but its value is never read.
src/components/DeepReport.tsx(16,3): error TS6133: 'Bot' is declared but its value is never read.
src/components/DeepReport.tsx(36,30): error TS2459: Module '"@/hooks/useDeepReportStats"' declares 'DeepPeriodType' locally, but it is not exported.
src/components/EquipmentTimeline.tsx(110,29): error TS6133: 'index' is declared but its value is never read.
src/components/ManualUpload.tsx(5,28): error TS6133: 'useEffect' is declared but its value is never read.
src/components/OSList.tsx(91,71): error TS6133: 'onDelete' is declared but its value is never read.
src/components/OSListPdfExport.tsx(226,23): error TS6133: 'index' is declared but its value is never read.
src/components/ParetoCrossAnalysisCard.tsx(9,3): error TS6133: 'BarChart' is declared but its value is never read.
src/components/ParetoCrossAnalysisCard.tsx(84,13): error TS6133: 'missingCount' is declared but its value is never read.
src/components/PreventivePlanWizard.tsx(219,21): error TS2769: No overload matches this call.
  Overload 1 of 2, '(values: { agendado_para: string; checklist_resultado?: Json | undefined; created_at?: string | undefined; empresa_id: string; executado_em?: string | null | undefined; id?: string | undefined; ... 5 more ...; updated_at?: string | undefined; }, options?: { ...; } | undefined): PostgrestFilterBuilder<...>', gave the following error.
    Argument of type '{ tarefa_id: string; empresa_id: string; agendado_para: string; status: string; }[]' is not assignable to parameter of type '{ agendado_para: string; checklist_resultado?: Json | undefined; created_at?: string | undefined; empresa_id: string; executado_em?: string | null | undefined; id?: string | undefined; ... 5 more ...; updated_at?: string | undefined; }'.
      Type '{ tarefa_id: string; empresa_id: string; agendado_para: string; status: string; }[]' is missing the following properties from type '{ agendado_para: string; checklist_resultado?: Json | undefined; created_at?: string | undefined; empresa_id: string; executado_em?: string | null | undefined; id?: string | undefined; ... 5 more ...; updated_at?: string | undefined; }': agendado_para, empresa_id, tarefa_id
  Overload 2 of 2, '(values: { agendado_para: string; checklist_resultado?: Json | undefined; created_at?: string | undefined; empresa_id: string; executado_em?: string | null | undefined; id?: string | undefined; ... 5 more ...; updated_at?: string | undefined; }[], options?: { ...; } | undefined): PostgrestFilterBuilder<...>', gave the following error.
    Argument of type '{ tarefa_id: string; empresa_id: string; agendado_para: string; status: string; }[]' is not assignable to parameter of type '{ agendado_para: string; checklist_resultado?: Json | undefined; created_at?: string | undefined; empresa_id: string; executado_em?: string | null | undefined; id?: string | undefined; ... 5 more ...; updated_at?: string | undefined; }[]'.
      Type '{ tarefa_id: string; empresa_id: string; agendado_para: string; status: string; }' is not assignable to type '{ agendado_para: string; checklist_resultado?: Json | undefined; created_at?: string | undefined; empresa_id: string; executado_em?: string | null | undefined; id?: string | undefined; ... 5 more ...; updated_at?: string | undefined; }'.
        Types of property 'status' are incompatible.
          Type 'string' is not assignable to type '"agendada" | "em_andamento" | "concluida" | "cancelada" | "atrasada" | undefined'.
src/components/ServiceTypeBreakdown.tsx(5,10): error TS2305: Module '"@/hooks/useDeepReportStats"' has no exported member 'ServiceTypeBreakdown'.
src/components/TechnicianPerformanceCard.tsx(203,31): error TS6133: 'name' is declared but its value is never read.
src/components/TrendChart.tsx(12,3): error TS6133: 'LineChart' is declared but its value is never read.
src/components/TrendChart.tsx(13,3): error TS6133: 'Line' is declared but its value is never read.
src/components/TrendChart.tsx(26,3): error TS6133: 'subDays' is declared but its value is never read.
src/components/TrendChart.tsx(27,3): error TS6133: 'startOfDay' is declared but its value is never read.
src/components/TrendCharts.tsx(3,10): error TS2305: Module '"@/hooks/useDeepReportStats"' has no exported member 'TrendDataPoint'.
src/components/TrendCharts.tsx(16,22): error TS6133: 'BarChart3' is declared but its value is never read.
src/components/ui/calendar.tsx(45,20): error TS6133: '_props' is declared but its value is never read.
src/components/ui/calendar.tsx(46,21): error TS6133: '_props' is declared but its value is never read.
src/hooks/useEquipmentHistory.ts(144,9): error TS2322: Type 'number | null' is not assignable to type 'number'.
  Type 'null' is not assignable to type 'number'.
src/hooks/useEquipmentHistory.ts(151,9): error TS2322: Type 'string | null' is not assignable to type 'string'.
  Type 'null' is not assignable to type 'string'.
src/hooks/useEquipmentHistory.ts(281,9): error TS2322: Type 'number | null' is not assignable to type 'number'.
  Type 'null' is not assignable to type 'number'.
src/hooks/useEquipmentHistory.ts(288,9): error TS2322: Type 'string | null' is not assignable to type 'string'.
  Type 'null' is not assignable to type 'string'.
src/pages/Auth.tsx(13,1): error TS6133: 'supabase' is declared but its value is never read.
src/pages/Biblioteca.tsx(8,1): error TS6133: 'useAuth' is declared but its value is never read.
src/pages/EquipamentoRaioX.tsx(227,77): error TS2345: Argument of type 'string | null | undefined' is not assignable to parameter of type 'string | undefined'.
  Type 'null' is not assignable to type 'string | undefined'.
src/pages/EquipamentoRaioX.tsx(228,89): error TS2345: Argument of type 'string | null | undefined' is not assignable to parameter of type 'string | undefined'.
  Type 'null' is not assignable to type 'string | undefined'.
src/pages/EquipamentoRaioX.tsx(229,75): error TS2345: Argument of type 'string | null | undefined' is not assignable to parameter of type 'string | undefined'.
  Type 'null' is not assignable to type 'string | undefined'.
src/pages/IndexacaoAdmin.tsx(6,20): error TS6133: 'useEffect' is declared but its value is never read.
src/pages/OrdensServico.tsx(52,10): error TS6133: 'subDays' is declared but its value is never read.
src/pages/OrdensServico.tsx(518,9): error TS2322: Type 'OS | null' is not assignable to type '{ id: number; equipamento_nome: string; equipamento_tag?: string | null | undefined; localizacao?: string | null | undefined; tipo_manutencao?: string | null | undefined; prioridade?: string | ... 1 more ... | undefined; ... 6 more ...; url_foto?: string | ... 1 more ... | undefined; } | undefined'.
  Type 'null' is not assignable to type '{ id: number; equipamento_nome: string; equipamento_tag?: string | null | undefined; localizacao?: string | null | undefined; tipo_manutencao?: string | null | undefined; prioridade?: string | ... 1 more ... | undefined; ... 6 more ...; url_foto?: string | ... 1 more ... | undefined; } | undefined'.
